[23:05:36] [ServerMain/INFO]: Environment: authHost='https://authserver.mojang.com', accountsHost='https://api.mojang.com', sessionHost='https://sessionserver.mojang.com', servicesHost='https://api.minecraftservices.com', name='PROD'
[23:05:39] [ServerMain/INFO]: Loaded 7 recipes
[23:05:39] [ServerMain/INFO]: Loaded 1271 advancements
[23:05:39] [Server thread/INFO]: Starting minecraft server version 1.20.1
[23:05:39] [Server thread/INFO]: Loading properties
[23:05:39] [Server thread/INFO]: Default game type: SURVIVAL
[23:05:39] [Server thread/INFO]: Generating keypair
[23:05:40] [Server thread/INFO]: Starting Minecraft server on *:25565
[23:05:40] [Server thread/INFO]: Using epoll channel type
[23:05:40] [Server thread/WARN]: **** SERVER IS RUNNING IN OFFLINE/INSECURE MODE!
[23:05:40] [Server thread/WARN]: The server will make no attempt to authenticate usernames. Beware.
[23:05:40] [Server thread/WARN]: While this makes the game possible to play without internet access, it also opens up the ability for hackers to connect with any username they choose.
[23:05:40] [Server thread/WARN]: To change this, set "online-mode" to "true" in the server.properties file.
[23:05:40] [Server thread/INFO]: Preparing level "world"
[23:05:46] [Server thread/INFO]: Preparing start region for dimension minecraft:overworld
[23:05:54] [Worker-Main-1/INFO]: Preparing spawn area: 0%
[23:05:54] [Worker-Main-1/INFO]: Preparing spawn area: 0%
[23:05:54] [Worker-Main-1/INFO]: Preparing spawn area: 0%
[23:05:54] [Worker-Main-1/INFO]: Preparing spawn area: 0%
[23:05:54] [Worker-Main-1/INFO]: Preparing spawn area: 0%
[23:05:54] [Worker-Main-1/INFO]: Preparing spawn area: 0%
[23:05:54] [Worker-Main-1/INFO]: Preparing spawn area: 0%
[23:05:54] [Worker-Main-1/INFO]: Preparing spawn area: 0%
[23:05:54] [Worker-Main-1/INFO]: Preparing spawn area: 0%
[23:05:54] [Worker-Main-1/INFO]: Preparing spawn area: 0%
[23:05:54] [Worker-Main-1/INFO]: Preparing spawn area: 0%
[23:05:54] [Worker-Main-1/INFO]: Preparing spawn area: 0%
[23:05:54] [Worker-Main-1/INFO]: Preparing spawn area: 0%
[23:05:54] [Worker-Main-1/INFO]: Preparing spawn area: 0%
[23:05:54] [Worker-Main-1/INFO]: Preparing spawn area: 0%
[23:05:54] [Worker-Main-1/INFO]: Preparing spawn area: 0%
[23:05:54] [Worker-Main-1/INFO]: Preparing spawn area: 0%
[23:05:54] [Worker-Main-1/INFO]: Preparing spawn area: 0%
[23:05:55] [Worker-Main-1/INFO]: Preparing spawn area: 0%
[23:05:55] [Worker-Main-1/INFO]: Preparing spawn area: 0%
[23:05:56] [Worker-Main-1/INFO]: Preparing spawn area: 0%
[23:05:56] [Server thread/INFO]: Time elapsed: 10599 ms
[23:05:56] [Server thread/INFO]: Done (16.510s)! For help, type "help"
[23:07:09] [Server thread/INFO]: Irregular24[/127.102.188.188:45387] logged in with entity id 14 at (-1247.3118660333726, 177.0, 160.73440661919815)
[23:07:09] [Server thread/INFO]: Irregular24 joined the game
[23:07:11] [Server thread/WARN]: Can't keep up! Is the server overloaded? Running 2794ms or 55 ticks behind
[23:19:03] [Server thread/INFO]: JNewHunter[/127.147.32.106:39105] logged in with entity id 5853 at (-962.5, 78.0, 359.5)
[23:19:03] [Server thread/INFO]: JNewHunter joined the game
[23:26:05] [Server thread/INFO]: [Not Secure] <Irregular24> zzzzzzzzzz
[23:26:27] [Server thread/INFO]: [Not Secure] <Irregular24> zzzzzzz
[23:32:29] [Server thread/INFO]: Irregular24 fell from a high place
[23:33:23] [Server thread/INFO]: Irregular24 was slain by Zombie Villager
[23:33:37] [Server thread/INFO]: Irregular24 fell from a high place
[23:33:46] [Server thread/INFO]: Irregular24 was doomed to fall by Zombie Villager
[23:34:33] [Server thread/INFO]: Irregular24 fell from a high place
[23:34:44] [Server thread/INFO]: Irregular24 was shot by Skeleton
[23:34:53] [Server thread/INFO]: Irregular24 fell from a high place
[23:35:01] [Server thread/INFO]: Irregular24 fell from a high place
[23:35:30] [Server thread/INFO]: Irregular24 was doomed to fall by Skeleton
[23:35:46] [Server thread/INFO]: Irregular24 fell from a high place
[23:35:53] [Server thread/INFO]: Irregular24 fell from a high place
[23:36:12] [Server thread/INFO]: Irregular24 fell from a high place
[23:36:17] [Server thread/INFO]: Irregular24 fell from a high place
[23:36:24] [Server thread/INFO]: Irregular24 fell from a high place
[23:36:33] [Server thread/INFO]: Irregular24 fell from a high place
[23:37:09] [Server thread/INFO]: Irregular24 fell from a high place
[23:37:18] [Server thread/INFO]: Irregular24 fell from a high place
[23:37:24] [Server thread/INFO]: Irregular24 fell from a high place
[23:37:41] [Server thread/INFO]: Irregular24 fell from a high place
[23:38:23] [Server thread/INFO]: Irregular24 was shot by Stray
[23:38:44] [Server thread/INFO]: Irregular24 fell from a high place
[23:38:53] [Server thread/INFO]: Irregular24 fell while climbing
[23:38:57] [Server thread/INFO]: Irregular24 fell from a high place
[23:39:05] [Server thread/INFO]: Irregular24 fell while climbing
[23:39:17] [Server thread/INFO]: Irregular24 fell while climbing
[23:39:29] [Server thread/INFO]: Irregular24 fell from a high place
[23:40:15] [Server thread/INFO]: Irregular24 was shot by Skeleton
[23:40:28] [Server thread/INFO]: Irregular24 fell while climbing
[23:40:35] [Server thread/INFO]: Irregular24 fell from a high place
[23:41:23] [Server thread/INFO]: Irregular24 was slain by Zombie
[23:41:43] [Server thread/INFO]: Irregular24 was shot by Skeleton
[23:42:04] [Server thread/INFO]: Irregular24 was shot by Skeleton
[23:42:12] [Server thread/INFO]: Irregular24 fell from a high place
[23:42:14] [Server thread/WARN]: Mismatch in destroy block pos: gu{x=-1247, y=127, z=191} gu{x=-1246, y=127, z=193}
[23:42:15] [Server thread/WARN]: Mismatch in destroy block pos: gu{x=-1247, y=126, z=192} gu{x=-1246, y=127, z=193}
[23:42:15] [Server thread/WARN]: Mismatch in destroy block pos: gu{x=-1247, y=126, z=191} gu{x=-1246, y=127, z=193}
[23:42:33] [Server thread/INFO]: Irregular24 was shot by Skeleton
[23:42:39] [Server thread/WARN]: Mismatch in destroy block pos: gu{x=-1246, y=128, z=180} gu{x=-1246, y=129, z=179}
[23:43:02] [Server thread/INFO]: Irregular24 was shot by Skeleton
